
PCG

main 00050124
	binary_search 00050160

binary_search 00050160

liste des fonctions appelantes de chaque fonction

main 00050124

binary_search 00050160
	main 00050124
