
PCG

main 00050158
	fib 00050124

fib 00050124

liste des fonctions appelantes de chaque fonction

main 00050158

fib 00050124
	main 00050158
