
PCG

main 00050124

liste des fonctions appelantes de chaque fonction

main 00050124
