
PCG

main 00050418
	jpeg_fdct_islow 00050124

jpeg_fdct_islow 00050124

liste des fonctions appelantes de chaque fonction

main 00050418

jpeg_fdct_islow 00050124
	main 00050418
