Looking for CFG main
main found at 0x00050124

DOMINANCE
0 dominates {0, 1, 2, 3, 4}
1 dominates {1, 2, 3, 4}
2 dominates {2, 3, 4}
3 dominates {3, 4}
4 dominates {4}

LOOP HEADERS

CONTEXT TREE
ROOT {ENTRY, 0(00050124), 1(00050134), 2(00050140), EXIT}
  FUNCTION to binary_search {ENTRY, 0(00050150), 7(000501b4), EXIT}
    LOOP at 0005016c {1(0005016c), 2(00050184), 3(00050190), 4(000501ac), 5(000501a0), 6(000501a8)}
SUCCESS
